{"level":"info","message":"Hello from Acquisitions!","service":"acquisitions-api"}
{"level":"info","message":"::1 - - [23/Aug/2026:20:32:10 +0000] \"GET / HTTP/1.1\" 200 24 \"-\" \"Mozilla/5.0 (Windows NT 10.0; Win64; x64) AppleWebKit/537.36 (KHTML, like Gecko) Chrome/151.0.0.0 Safari/537.36\"","service":"acquisitions-api"}
{"level":"info","message":"::1 - - [23/Aug/2026:20:32:10 +0000] \"GET /favicon.ico HTTP/1.1\" 404 150 \"-\" \"Mozilla/5.0 (Windows NT 10.0; Win64; x64) AppleWebKit/537.36 (KHTML, like Gecko) Chrome/151.0.0.0 Safari/537.36\"","service":"acquisitions-api"}
{"level":"info","message":"Hello from Acquisitions!","service":"acquisitions-api"}
{"level":"info","message":"::1 - - [24/Aug/2026:00:36:42 +0000] \"GET / HTTP/1.1\" 200 24 \"-\" \"Mozilla/5.0 (Windows NT 10.0; Win64; x64) AppleWebKit/537.36 (KHTML, like Gecko) Chrome/151.0.0.0 Safari/537.36\"","service":"acquisitions-api"}
{"level":"info","message":"::1 - - [24/Aug/2026:00:36:45 +0000] \"GET /health HTTP/1.1\" 200 72 \"-\" \"Mozilla/5.0 (Windows NT 10.0; Win64; x64) AppleWebKit/537.36 (KHTML, like Gecko) Chrome/151.0.0.0 Safari/537.36\"","service":"acquisitions-api"}
{"level":"info","message":"Hello from Acquisitions!","service":"acquisitions-api"}
{"level":"info","message":"::1 - - [24/Aug/2026:05:04:25 +0000] \"GET / HTTP/1.1\" 200 24 \"-\" \"HTTPie\"","service":"acquisitions-api"}
{"level":"info","message":"::1 - - [24/Aug/2026:05:04:38 +0000] \"GET /api/auth/sign-up HTTP/1.1\" 404 155 \"-\" \"HTTPie\"","service":"acquisitions-api"}
{"level":"info","message":"::1 - - [24/Aug/2026:05:04:43 +0000] \"GET /api/auth/sign-up HTTP/1.1\" 404 155 \"-\" \"HTTPie\"","service":"acquisitions-api"}
{"level":"info","message":"::1 - - [24/Aug/2026:05:05:18 +0000] \"GET /sign-up HTTP/1.1\" 404 146 \"-\" \"HTTPie\"","service":"acquisitions-api"}
{"level":"info","message":"::1 - - [24/Aug/2026:05:06:05 +0000] \"POST /sign-up HTTP/1.1\" 404 147 \"-\" \"HTTPie\"","service":"acquisitions-api"}
{"level":"info","message":"::1 - - [24/Aug/2026:05:06:16 +0000] \"POST /api/auth/sign-up HTTP/1.1\" 500 1324 \"-\" \"HTTPie\"","service":"acquisitions-api"}
{"level":"error","message":"Signup error Cannot destructure property 'name' of 'validationResult.data' as it is undefined.","service":"acquisitions-api","stack":"TypeError: Cannot destructure property 'name' of 'validationResult.data' as it is undefined.\n    at signup (file:///C:/Users/boski/WebstormProjects/acquisitions/src/controllers/auth.controller.js:15:13)\n    at Layer.handleRequest (C:\\Users\\boski\\WebstormProjects\\acquisitions\\node_modules\\router\\lib\\layer.js:152:17)\n    at next (C:\\Users\\boski\\WebstormProjects\\acquisitions\\node_modules\\router\\lib\\route.js:157:13)\n    at Route.dispatch (C:\\Users\\boski\\WebstormProjects\\acquisitions\\node_modules\\router\\lib\\route.js:117:3)\n    at handle (C:\\Users\\boski\\WebstormProjects\\acquisitions\\node_modules\\router\\index.js:435:11)\n    at Layer.handleRequest (C:\\Users\\boski\\WebstormProjects\\acquisitions\\node_modules\\router\\lib\\layer.js:152:17)\n    at C:\\Users\\boski\\WebstormProjects\\acquisitions\\node_modules\\router\\index.js:295:15\n    at processParams (C:\\Users\\boski\\WebstormProjects\\acquisitions\\node_modules\\router\\index.js:582:12)\n    at next (C:\\Users\\boski\\WebstormProjects\\acquisitions\\node_modules\\router\\index.js:291:5)\n    at router.handle (C:\\Users\\boski\\WebstormProjects\\acquisitions\\node_modules\\router\\index.js:186:3)"}
{"level":"info","message":"::1 - - [24/Aug/2026:05:07:31 +0000] \"POST /api/auth/sign-up HTTP/1.1\" 500 1396 \"-\" \"HTTPie\"","service":"acquisitions-api"}
{"level":"info","message":"::1 - - [24/Aug/2026:05:29:50 +0000] \"POST /api/auth/sign-up HTTP/1.1\" 400 92 \"-\" \"HTTPie\"","service":"acquisitions-api"}
{"level":"info","message":"::1 - - [24/Aug/2026:05:44:19 +0000] \"POST /api/auth/sign-up HTTP/1.1\" 400 144 \"-\" \"HTTPie\"","service":"acquisitions-api"}
{"level":"info","message":"User registered successfully: contact@jsmastery.com","service":"acquisitions-api"}
{"level":"info","message":"::1 - - [24/Aug/2026:05:44:40 +0000] \"POST /api/auth/sign-up HTTP/1.1\" 201 108 \"-\" \"HTTPie\"","service":"acquisitions-api"}
{"level":"info","message":"User boskies11@gmail.com created successfully","service":"acquisitions-api"}
{"level":"info","message":"User registered successfully: boskies11@gmail.com","service":"acquisitions-api"}
{"level":"info","message":"::1 - - [26/Aug/2026:00:17:07 +0000] \"POST /api/auth/sign-up HTTP/1.1\" 201 105 \"-\" \"HTTPie\"","service":"acquisitions-api"}
{"level":"info","message":"::1 - - [26/Aug/2026:03:16:34 +0000] \"GET /health HTTP/1.1\" 200 73 \"-\" \"HTTPie\"","service":"acquisitions-api"}
{"level":"info","message":"::1 - - [26/Aug/2026:03:16:38 +0000] \"GET /health HTTP/1.1\" 200 73 \"-\" \"HTTPie\"","service":"acquisitions-api"}
{"level":"info","message":"::1 - - [26/Aug/2026:03:16:38 +0000] \"GET /health HTTP/1.1\" 200 74 \"-\" \"HTTPie\"","service":"acquisitions-api"}
{"level":"info","message":"::1 - - [26/Aug/2026:03:16:38 +0000] \"GET /health HTTP/1.1\" 200 74 \"-\" \"HTTPie\"","service":"acquisitions-api"}
{"ip":"::1","level":"warn","message":"Rate limit exceeded","path":"/health","service":"acquisitions-api","userAgent":"HTTPie"}
{"level":"info","message":"::1 - - [26/Aug/2026:03:16:38 +0000] \"GET /health HTTP/1.1\" 403 51 \"-\" \"HTTPie\"","service":"acquisitions-api"}
